// Jest Snapshot v1, https://goo.gl/fbAQLP

exports[`child renders as function 1`] = `
<div
  id="child-element"
/>
`;
